// Jest Snapshot v1, https://goo.gl/fbAQLP

exports[`MovieResultSearch should match snapshot 1`] = `
<DocumentFragment>
  <div
    class="movieResultSearch"
  >
    <div
      class="movieFilter"
    >
      <button
        class="movieFilterBtn movieFilterBtnChosen"
      >
        All
      </button>
      <button
        class="movieFilterBtn"
      >
        Documentary
      </button>
      <button
        class="movieFilterBtn"
      >
        Comedy
      </button>
      <button
        class="movieFilterBtn"
      >
        Horror
      </button>
      <button
        class="movieFilterBtn"
      >
        Crime
      </button>
    </div>
    <div
      class="movieSort"
    >
      <ul>
        <li
          class="movieSortBy"
        >
          Sort by
        </li>
        <li
          class="movieSortRealiseDate"
        >
          <div
            class="MuiBox-root css-gqssyb"
          >
            <div
              class="MuiFormControl-root MuiFormControl-fullWidth css-q8hpuo-MuiFormControl-root"
            >
              <label
                class="MuiInputLabel-root MuiInputLabel-formControl MuiInputLabel-animated MuiInputLabel-shrink MuiInputLabel-outlined MuiFormLabel-root MuiFormLabel-colorPrimary MuiFormLabel-filled movieSortSelect css-1sumxir-MuiFormLabel-root-MuiInputLabel-root"
                data-shrink="true"
              >
                Select Sort
              </label>
              <div
                class="MuiOutlinedInput-root MuiInputBase-root MuiInputBase-colorPrimary MuiInputBase-formControl movieSortSelect css-1yk1gt9-MuiInputBase-root-MuiOutlinedInput-root-MuiSelect-root"
                data-testid="materialUiSelect"
              >
                <div
                  aria-expanded="false"
                  aria-haspopup="listbox"
                  class="MuiSelect-select MuiSelect-outlined MuiOutlinedInput-input MuiInputBase-input css-11u53oe-MuiSelect-select-MuiInputBase-input-MuiOutlinedInput-input"
                  role="button"
                  tabindex="0"
                >
                  Release date
                </div>
                <input
                  aria-hidden="true"
                  class="MuiSelect-nativeInput css-yf8vq0-MuiSelect-nativeInput"
                  tabindex="-1"
                  value="Release date"
                />
                <svg
                  aria-hidden="true"
                  class="MuiSvgIcon-root MuiSvgIcon-fontSizeMedium MuiSelect-icon MuiSelect-iconOutlined css-hfutr2-MuiSvgIcon-root-MuiSelect-icon"
                  data-testid="ArrowDropDownIcon"
                  focusable="false"
                  viewBox="0 0 24 24"
                >
                  <path
                    d="M7 10l5 5 5-5z"
                  />
                </svg>
                <fieldset
                  aria-hidden="true"
                  class="MuiOutlinedInput-notchedOutline css-1d3z3hw-MuiOutlinedInput-notchedOutline"
                >
                  <legend
                    class="css-1in441m"
                  >
                    <span>
                      Select Sort
                    </span>
                  </legend>
                </fieldset>
              </div>
            </div>
          </div>
        </li>
      </ul>
    </div>
    <div
      class="movieResultSearchBorderLine"
    />
  </div>
</DocumentFragment>
`;
