// Jest Snapshot v1, https://goo.gl/fbAQLP

exports[`SearchForm should match snapshot 1`] = `
<DocumentFragment>
  <h1>
    Find your movie
  </h1>
  <div
    class="searchForm"
  >
    <input
      class="searchFormInput"
      placeholder="What do you want to watch?"
      type="text"
    />
    <button
      class="searchFormBtn"
      type="submit"
    >
      Search
    </button>
  </div>
</DocumentFragment>
`;
